[velhalla.xyz/sale/index.html]
[backblue.gif]
[fade.gif]
[index.html]
[velhalla.xyz/assets/css/animate.css]
[velhalla.xyz/assets/bootstrap/css/bootstrap.min.css]
[velhalla.xyz/assets/css/font-awesome.min.css]
[velhalla.xyz/assets/css/ionicons.min.css]
[velhalla.xyz/assets/css/cryptocoins.css]
[velhalla.xyz/assets/owlcarousel/css/owl.carousel.min.css]
[velhalla.xyz/assets/owlcarousel/css/owl.theme.default.min.css]
[velhalla.xyz/assets/css/magnific-popup.css]
[velhalla.xyz/assets/css/spop.min.css]
[velhalla.xyz/assets/css/style.css]
[velhalla.xyz/assets/css/responsive.css]
[velhalla.xyz/assets/color/theme.css]
[velhalla.xyz/assets/js/qrcode.js]
[velhalla.xyz/assets/images/footer_bg.png]
[velhalla.xyz/assets/images/token_bg.png]
[velhalla.xyz/assets/images/banner_bg2.png]
[img.icons8.com/material-two-tone/24/ffffff/menu--v1.png]
[velhalla.xyz/assets/images/VELAHAXYZ.png]
[velhalla.io/wp-content/uploads/2021/10/vs-copy-min.png]
[velhalla.io/wp-content/uploads/2021/10/Asset-2-min-1.png]
[velhalla.xyz/assets/js/jquery-1.12.4.min.js]
[velhalla.xyz/assets/bootstrap/js/bootstrap.min.js]
[velhalla.xyz/assets/owlcarousel/js/owl.carousel.min.js]
[velhalla.xyz/assets/js/magnific-popup.min.js]
[velhalla.xyz/assets/js/waypoints.min.js]
[velhalla.xyz/assets/js/parallax.js]
[velhalla.xyz/assets/js/jquery.countdown.min.js]
[velhalla.xyz/assets/js/particles.min.js]
[velhalla.xyz/assets/js/jquery.dd.min.js]
[velhalla.xyz/assets/js/jquery.counterup.min.js]
[velhalla.xyz/assets/js/modern_canvas.js]
[velhalla.xyz/assets/js/spop.min.js]
[velhalla.xyz/sale/index.html]
[velhalla.xyz/assets/css/animate.css]
[velhalla.xyz/assets/bootstrap/css/bootstrap.min.css]
[velhalla.xyz/assets/css/font-awesome.min.css]
[velhalla.xyz/assets/css/ionicons.min.css]
[velhalla.xyz/assets/css/cryptocoins.css]
[velhalla.xyz/assets/owlcarousel/css/owl.carousel.min.css]
[velhalla.xyz/assets/owlcarousel/css/owl.theme.default.min.css]
[velhalla.xyz/assets/css/magnific-popup.css]
[velhalla.xyz/assets/css/spop.min.css]
[velhalla.xyz/assets/js/scripts.js]
[velhalla.xyz/assets/css/style.css]
[velhalla.xyz/assets/css/responsive.css]
[velhalla.xyz/assets/color/theme.css]
